# ** Note: NI[0]: SPM# read @000: 0DDDDDD00FFFFFF0
# ** Note: NI[0]: SPM# read @001: 0DDDDDD10FFFFFF1
# ** Note: NI[0]: SPM# read @002: 0DDDDDD20FFFFFF2
# ** Note: NI[0]: SPM# read @003: 0DDDDDD30FFFFFF3
# ** Note: NI[0]: SPM# read @004: 1DDDDDD41FFFFFF4
# ** Note: NI[0]: SPM# read @005: 1DDDDDD51FFFFFF5
# ** Note: NI[0]: SPM# read @006: 1DDDDDD61FFFFFF6
# ** Note: NI[0]: SPM# read @007: 1DDDDDD71FFFFFF7
# ** Note: NI[0]: SPM# read @008: 2DDDDDD82FFFFFF8
# ** Note: NI[0]: SPM# read @009: 2DDDDDD92FFFFFF9
# ** Note: NI[0]: SPM# read @00A: 2DDDDDDA2FFFFFFA
# ** Note: NI[0]: SPM# read @00B: 2DDDDDDB2FFFFFFB
# ** Note: NI[0]: SPM# read @00C: 3DDDDDDC3FFFFFFC
# ** Note: NI[0]: SPM# read @00D: 3DDDDDDD3FFFFFFD
# ** Note: NI[0]: SPM# read @00E: 3DDDDDDE3FFFFFFE
# ** Note: NI[0]: SPM# read @00F: 3DDDDDDF3FFFFFFF
# ** Note: NI[1]: SPM# read @000: 0DDDDDD00FFFFFF0
# ** Note: NI[1]: SPM# read @001: 0DDDDDD10FFFFFF1
# ** Note: NI[1]: SPM# read @002: 0DDDDDD20FFFFFF2
# ** Note: NI[1]: SPM# read @003: 0DDDDDD30FFFFFF3
# ** Note: NI[1]: SPM# read @004: 1DDDDDD41FFFFFF4
# ** Note: NI[1]: SPM# read @005: 1DDDDDD51FFFFFF5
# ** Note: NI[1]: SPM# read @006: 1DDDDDD61FFFFFF6
# ** Note: NI[1]: SPM# read @007: 1DDDDDD71FFFFFF7
# ** Note: NI[1]: SPM# read @008: 2DDDDDD82FFFFFF8
# ** Note: NI[1]: SPM# read @009: 2DDDDDD92FFFFFF9
# ** Note: NI[1]: SPM# read @00A: 2DDDDDDA2FFFFFFA
# ** Note: NI[1]: SPM# read @00B: 2DDDDDDB2FFFFFFB
# ** Note: NI[1]: SPM# read @00C: 3DDDDDDC3FFFFFFC
# ** Note: NI[1]: SPM# read @00D: 3DDDDDDD3FFFFFFD
# ** Note: NI[1]: SPM# read @00E: 3DDDDDDE3FFFFFFE
# ** Note: NI[1]: SPM# read @00F: 3DDDDDDF3FFFFFFF
# ** Note: NI[2]: SPM# read @000: 0DDDDDD00FFFFFF0
# ** Note: NI[2]: SPM# read @001: 0DDDDDD10FFFFFF1
# ** Note: NI[2]: SPM# read @002: 0DDDDDD20FFFFFF2
# ** Note: NI[2]: SPM# read @003: 0DDDDDD30FFFFFF3
# ** Note: NI[2]: SPM# read @004: 1DDDDDD41FFFFFF4
# ** Note: NI[2]: SPM# read @005: 1DDDDDD51FFFFFF5
# ** Note: NI[2]: SPM# read @006: 1DDDDDD61FFFFFF6
# ** Note: NI[2]: SPM# read @007: 1DDDDDD71FFFFFF7
# ** Note: NI[2]: SPM# read @008: 2DDDDDD82FFFFFF8
# ** Note: NI[2]: SPM# read @009: 2DDDDDD92FFFFFF9
# ** Note: NI[2]: SPM# read @00A: 2DDDDDDA2FFFFFFA
# ** Note: NI[2]: SPM# read @00B: 2DDDDDDB2FFFFFFB
# ** Note: NI[2]: SPM# read @00C: 3DDDDDDC3FFFFFFC
# ** Note: NI[2]: SPM# read @00D: 3DDDDDDD3FFFFFFD
# ** Note: NI[2]: SPM# read @00E: 3DDDDDDE3FFFFFFE
# ** Note: NI[2]: SPM# read @00F: 3DDDDDDF3FFFFFFF
# ** Note: NI[3]: SPM# read @000: 0DDDDDD00FFFFFF0
# ** Note: NI[3]: SPM# read @001: 0DDDDDD10FFFFFF1
# ** Note: NI[3]: SPM# read @002: 0DDDDDD20FFFFFF2
# ** Note: NI[3]: SPM# read @003: 0DDDDDD30FFFFFF3
# ** Note: NI[3]: SPM# read @004: 1DDDDDD41FFFFFF4
# ** Note: NI[3]: SPM# read @005: 1DDDDDD51FFFFFF5
# ** Note: NI[3]: SPM# read @006: 1DDDDDD61FFFFFF6
# ** Note: NI[3]: SPM# read @007: 1DDDDDD71FFFFFF7
# ** Note: NI[3]: SPM# read @008: 2DDDDDD82FFFFFF8
# ** Note: NI[3]: SPM# read @009: 2DDDDDD92FFFFFF9
# ** Note: NI[3]: SPM# read @00A: 2DDDDDDA2FFFFFFA
# ** Note: NI[3]: SPM# read @00B: 2DDDDDDB2FFFFFFB
# ** Note: NI[3]: SPM# read @00C: 3DDDDDDC3FFFFFFC
# ** Note: NI[3]: SPM# read @00D: 3DDDDDDD3FFFFFFD
# ** Note: NI[3]: SPM# read @00E: 3DDDDDDE3FFFFFFE
# ** Note: NI[3]: SPM# read @00F: 3DDDDDDF3FFFFFFF
