# ** Note: NI[0]: SPM# read @00: 0DDDDDD00FFFFFF0
# ** Note: NI[0]: SPM# read @01: 0DDDDDD10FFFFFF1
# ** Note: NI[0]: SPM# read @02: 0DDDDDD20FFFFFF2
# ** Note: NI[0]: SPM# read @03: 0DDDDDD30FFFFFF3
# ** Note: NI[0]: SPM# read @04: 1DDDDDD41FFFFFF4
# ** Note: NI[0]: SPM# read @05: 1DDDDDD51FFFFFF5
# ** Note: NI[0]: SPM# read @06: 1DDDDDD61FFFFFF6
# ** Note: NI[0]: SPM# read @07: 1DDDDDD71FFFFFF7
# ** Note: NI[0]: SPM# read @08: 2DDDDDD82FFFFFF8
# ** Note: NI[0]: SPM# read @09: 2DDDDDD92FFFFFF9
# ** Note: NI[0]: SPM# read @0A: 2DDDDDDA2FFFFFFA
# ** Note: NI[0]: SPM# read @0B: 2DDDDDDB2FFFFFFB
# ** Note: NI[0]: SPM# read @0C: 3DDDDDDC3FFFFFFC
# ** Note: NI[0]: SPM# read @0D: 3DDDDDDD3FFFFFFD
# ** Note: NI[0]: SPM# read @0E: 3DDDDDDE3FFFFFFE
# ** Note: NI[0]: SPM# read @0F: 3DDDDDDF3FFFFFFF
# ** Note: NI[1]: SPM# read @00: 0DDDDDD00FFFFFF0
# ** Note: NI[1]: SPM# read @01: 0DDDDDD10FFFFFF1
# ** Note: NI[1]: SPM# read @02: 0DDDDDD20FFFFFF2
# ** Note: NI[1]: SPM# read @03: 0DDDDDD30FFFFFF3
# ** Note: NI[1]: SPM# read @04: 1DDDDDD41FFFFFF4
# ** Note: NI[1]: SPM# read @05: 1DDDDDD51FFFFFF5
# ** Note: NI[1]: SPM# read @06: 1DDDDDD61FFFFFF6
# ** Note: NI[1]: SPM# read @07: 1DDDDDD71FFFFFF7
# ** Note: NI[1]: SPM# read @08: 2DDDDDD82FFFFFF8
# ** Note: NI[1]: SPM# read @09: 2DDDDDD92FFFFFF9
# ** Note: NI[1]: SPM# read @0A: 2DDDDDDA2FFFFFFA
# ** Note: NI[1]: SPM# read @0B: 2DDDDDDB2FFFFFFB
# ** Note: NI[1]: SPM# read @0C: 3DDDDDDC3FFFFFFC
# ** Note: NI[1]: SPM# read @0D: 3DDDDDDD3FFFFFFD
# ** Note: NI[1]: SPM# read @0E: 3DDDDDDE3FFFFFFE
# ** Note: NI[1]: SPM# read @0F: 3DDDDDDF3FFFFFFF
# ** Note: NI[2]: SPM# read @00: 0DDDDDD00FFFFFF0
# ** Note: NI[2]: SPM# read @01: 0DDDDDD10FFFFFF1
# ** Note: NI[2]: SPM# read @02: 0DDDDDD20FFFFFF2
# ** Note: NI[2]: SPM# read @03: 0DDDDDD30FFFFFF3
# ** Note: NI[2]: SPM# read @04: 1DDDDDD41FFFFFF4
# ** Note: NI[2]: SPM# read @05: 1DDDDDD51FFFFFF5
# ** Note: NI[2]: SPM# read @06: 1DDDDDD61FFFFFF6
# ** Note: NI[2]: SPM# read @07: 1DDDDDD71FFFFFF7
# ** Note: NI[2]: SPM# read @08: 2DDDDDD82FFFFFF8
# ** Note: NI[2]: SPM# read @09: 2DDDDDD92FFFFFF9
# ** Note: NI[2]: SPM# read @0A: 2DDDDDDA2FFFFFFA
# ** Note: NI[2]: SPM# read @0B: 2DDDDDDB2FFFFFFB
# ** Note: NI[2]: SPM# read @0C: 3DDDDDDC3FFFFFFC
# ** Note: NI[2]: SPM# read @0D: 3DDDDDDD3FFFFFFD
# ** Note: NI[2]: SPM# read @0E: 3DDDDDDE3FFFFFFE
# ** Note: NI[2]: SPM# read @0F: 3DDDDDDF3FFFFFFF
# ** Note: NI[3]: SPM# read @00: 0DDDDDD00FFFFFF0
# ** Note: NI[3]: SPM# read @01: 0DDDDDD10FFFFFF1
# ** Note: NI[3]: SPM# read @02: 0DDDDDD20FFFFFF2
# ** Note: NI[3]: SPM# read @03: 0DDDDDD30FFFFFF3
# ** Note: NI[3]: SPM# read @04: 1DDDDDD41FFFFFF4
# ** Note: NI[3]: SPM# read @05: 1DDDDDD51FFFFFF5
# ** Note: NI[3]: SPM# read @06: 1DDDDDD61FFFFFF6
# ** Note: NI[3]: SPM# read @07: 1DDDDDD71FFFFFF7
# ** Note: NI[3]: SPM# read @08: 2DDDDDD82FFFFFF8
# ** Note: NI[3]: SPM# read @09: 2DDDDDD92FFFFFF9
# ** Note: NI[3]: SPM# read @0A: 2DDDDDDA2FFFFFFA
# ** Note: NI[3]: SPM# read @0B: 2DDDDDDB2FFFFFFB
# ** Note: NI[3]: SPM# read @0C: 3DDDDDDC3FFFFFFC
# ** Note: NI[3]: SPM# read @0D: 3DDDDDDD3FFFFFFD
# ** Note: NI[3]: SPM# read @0E: 3DDDDDDE3FFFFFFE
# ** Note: NI[3]: SPM# read @0F: 3DDDDDDF3FFFFFFF
