# ** Note: NI[0]: SPM# read @00: FF0000FF00000000
# ** Note: NI[0]: SPM# read @01: 0000FF0000FF0000
# ** Note: NI[0]: SPM# read @02: 00000000FF0000FF
# ** Note: NI[0]: SPM# read @03: 00FF00000000FF00
# ** Note: NI[0]: SPM# read @04: FF0000FF11111111
# ** Note: NI[0]: SPM# read @05: 1111FF0000FF1111
# ** Note: NI[0]: SPM# read @06: 11111111FF0000FF
# ** Note: NI[0]: SPM# read @07: 00FF11111111FF00
# ** Note: NI[0]: SPM# read @08: FF0000FF22222222
# ** Note: NI[0]: SPM# read @09: 2222FF0000FF2222
# ** Note: NI[0]: SPM# read @0A: 22222222FF0000FF
# ** Note: NI[0]: SPM# read @0B: 00FF22222222FF00
# ** Note: NI[0]: SPM# read @0C: FF0000FF33333333
# ** Note: NI[0]: SPM# read @0D: 3333FF0000FF3333
# ** Note: NI[0]: SPM# read @0E: 33333333FF0000FF
# ** Note: NI[0]: SPM# read @0F: 00FF33333333FF00
# ** Note: NI[0]: SPM# read @10: FF0000FF44444444
# ** Note: NI[0]: SPM# read @11: 4444FF0000FF4444
# ** Note: NI[0]: SPM# read @12: 44444444FF0000FF
# ** Note: NI[0]: SPM# read @13: 00FF44444444FF00
# ** Note: NI[0]: SPM# read @14: FF0000FF55555555
# ** Note: NI[0]: SPM# read @15: 5555FF0000FF5555
# ** Note: NI[0]: SPM# read @16: 55555555FF0000FF
# ** Note: NI[0]: SPM# read @17: 00FF55555555FF00
# ** Note: NI[0]: SPM# read @18: FF0000FF66666666
# ** Note: NI[0]: SPM# read @19: 6666FF0000FF6666
# ** Note: NI[0]: SPM# read @1A: 66666666FF0000FF
# ** Note: NI[0]: SPM# read @1B: 00FF6666666600FF
# ** Note: NI[0]: SPM# read @1C: FF0000FF77777777
# ** Note: NI[0]: SPM# read @1D: 7777FF0000FF7777
# ** Note: NI[0]: SPM# read @1E: 77777777FF0000FF
# ** Note: NI[0]: SPM# read @1F: 00FF77777777FF00
# ** Note: NI[0]: SPM# read @20: FF0000FF88888888
# ** Note: NI[0]: SPM# read @21: 8888FF0000FF8888
# ** Note: NI[0]: SPM# read @22: 88888888FF0000FF
# ** Note: NI[0]: SPM# read @23: 00FF88888888FF00
# ** Note: NI[0]: SPM# read @24: FF0000FF99999999
# ** Note: NI[0]: SPM# read @25: 9999FF0000FF9999
# ** Note: NI[0]: SPM# read @26: 99999999FF0000FF
# ** Note: NI[0]: SPM# read @27: 00FF99999999FF00
# ** Note: NI[0]: SPM# read @28: FF0000FFAAAAAAAA
# ** Note: NI[0]: SPM# read @29: AAAAFF0000FFAAAA
# ** Note: NI[0]: SPM# read @2A: AAAAAAAAFF0000FF
# ** Note: NI[0]: SPM# read @2B: 00FFAAAAAAAAFF00
# ** Note: NI[0]: SPM# read @2C: FF0000FFBBBBBBBB
# ** Note: NI[0]: SPM# read @2D: BBBBFF0000FFBBBB
# ** Note: NI[0]: SPM# read @2E: BBBBBBBBFF0000FF
# ** Note: NI[0]: SPM# read @2F: 00FFBBBBBBBBFF00
# ** Note: NI[0]: SPM# read @30: FF0000FFCCCCCCCC
# ** Note: NI[0]: SPM# read @31: CCCCFF0000FFCCCC
# ** Note: NI[0]: SPM# read @32: CCCCCCCCFF0000FF
# ** Note: NI[0]: SPM# read @33: 00FFCCCCCCCCFF00
# ** Note: NI[0]: SPM# read @34: FF0000FFDDDDDDDD
# ** Note: NI[0]: SPM# read @35: DDDDFF0000FFDDDD
# ** Note: NI[0]: SPM# read @36: DDDDDDDDFF0000FF
# ** Note: NI[0]: SPM# read @37: 00FFDDDDDDDDFF00
# ** Note: NI[0]: SPM# read @38: FF0000FFEEEEEEEE
# ** Note: NI[0]: SPM# read @39: EEEEFF0000FFEEEE
# ** Note: NI[0]: SPM# read @3A: EEEEEEEEFF0000FF
# ** Note: NI[0]: SPM# read @3B: 00FFEEEEEEEEFF00
# ** Note: NI[0]: SPM# read @3C: FF0000FFFFFFFFFF
# ** Note: NI[0]: SPM# read @3D: FFFFFF0000FFFFFF
# ** Note: NI[0]: SPM# read @3E: FFFFFFFFFF0000FF
# ** Note: NI[0]: SPM# read @3F: 00FFFFFFFFFFFF00
# ** Note: NI[10]: SPM# read @00: FF0000FF00000000
# ** Note: NI[10]: SPM# read @01: 0000FF0000FF0000
# ** Note: NI[10]: SPM# read @02: 00000000FF0000FF
# ** Note: NI[10]: SPM# read @03: 00FF00000000FF00
# ** Note: NI[10]: SPM# read @04: FF0000FF11111111
# ** Note: NI[10]: SPM# read @05: 1111FF0000FF1111
# ** Note: NI[10]: SPM# read @06: 11111111FF0000FF
# ** Note: NI[10]: SPM# read @07: 00FF11111111FF00
# ** Note: NI[10]: SPM# read @08: FF0000FF22222222
# ** Note: NI[10]: SPM# read @09: 2222FF0000FF2222
# ** Note: NI[10]: SPM# read @0A: 22222222FF0000FF
# ** Note: NI[10]: SPM# read @0B: 00FF22222222FF00
# ** Note: NI[10]: SPM# read @0C: FF0000FF33333333
# ** Note: NI[10]: SPM# read @0D: 3333FF0000FF3333
# ** Note: NI[10]: SPM# read @0E: 33333333FF0000FF
# ** Note: NI[10]: SPM# read @0F: 00FF33333333FF00
# ** Note: NI[10]: SPM# read @10: FF0000FF44444444
# ** Note: NI[10]: SPM# read @11: 4444FF0000FF4444
# ** Note: NI[10]: SPM# read @12: 44444444FF0000FF
# ** Note: NI[10]: SPM# read @13: 00FF44444444FF00
# ** Note: NI[10]: SPM# read @14: FF0000FF55555555
# ** Note: NI[10]: SPM# read @15: 5555FF0000FF5555
# ** Note: NI[10]: SPM# read @16: 55555555FF0000FF
# ** Note: NI[10]: SPM# read @17: 00FF55555555FF00
# ** Note: NI[10]: SPM# read @18: FF0000FF66666666
# ** Note: NI[10]: SPM# read @19: 6666FF0000FF6666
# ** Note: NI[10]: SPM# read @1A: 66666666FF0000FF
# ** Note: NI[10]: SPM# read @1B: 00FF6666666600FF
# ** Note: NI[10]: SPM# read @1C: FF0000FF77777777
# ** Note: NI[10]: SPM# read @1D: 7777FF0000FF7777
# ** Note: NI[10]: SPM# read @1E: 77777777FF0000FF
# ** Note: NI[10]: SPM# read @1F: 00FF77777777FF00
# ** Note: NI[10]: SPM# read @20: FF0000FF88888888
# ** Note: NI[10]: SPM# read @21: 8888FF0000FF8888
# ** Note: NI[10]: SPM# read @22: 88888888FF0000FF
# ** Note: NI[10]: SPM# read @23: 00FF88888888FF00
# ** Note: NI[10]: SPM# read @24: FF0000FF99999999
# ** Note: NI[10]: SPM# read @25: 9999FF0000FF9999
# ** Note: NI[10]: SPM# read @26: 99999999FF0000FF
# ** Note: NI[10]: SPM# read @27: 00FF99999999FF00
# ** Note: NI[10]: SPM# read @28: FF0000FFAAAAAAAA
# ** Note: NI[10]: SPM# read @29: AAAAFF0000FFAAAA
# ** Note: NI[10]: SPM# read @2A: AAAAAAAAFF0000FF
# ** Note: NI[10]: SPM# read @2B: 00FFAAAAAAAAFF00
# ** Note: NI[10]: SPM# read @2C: FF0000FFBBBBBBBB
# ** Note: NI[10]: SPM# read @2D: BBBBFF0000FFBBBB
# ** Note: NI[10]: SPM# read @2E: BBBBBBBBFF0000FF
# ** Note: NI[10]: SPM# read @2F: 00FFBBBBBBBBFF00
# ** Note: NI[10]: SPM# read @30: FF0000FFCCCCCCCC
# ** Note: NI[10]: SPM# read @31: CCCCFF0000FFCCCC
# ** Note: NI[10]: SPM# read @32: CCCCCCCCFF0000FF
# ** Note: NI[10]: SPM# read @33: 00FFCCCCCCCCFF00
# ** Note: NI[10]: SPM# read @34: FF0000FFDDDDDDDD
# ** Note: NI[10]: SPM# read @35: DDDDFF0000FFDDDD
# ** Note: NI[10]: SPM# read @36: DDDDDDDDFF0000FF
# ** Note: NI[10]: SPM# read @37: 00FFDDDDDDDDFF00
# ** Note: NI[10]: SPM# read @38: FF0000FFEEEEEEEE
# ** Note: NI[10]: SPM# read @39: EEEEFF0000FFEEEE
# ** Note: NI[10]: SPM# read @3A: EEEEEEEEFF0000FF
# ** Note: NI[10]: SPM# read @3B: 00FFEEEEEEEEFF00
# ** Note: NI[10]: SPM# read @3C: FF0000FFFFFFFFFF
# ** Note: NI[10]: SPM# read @3D: FFFFFF0000FFFFFF
# ** Note: NI[10]: SPM# read @3E: FFFFFFFFFF0000FF
# ** Note: NI[10]: SPM# read @3F: 00FFFFFFFFFFFF00
# ** Note: NI[11]: SPM# read @00: FF0000FF00000000
# ** Note: NI[11]: SPM# read @01: 0000FF0000FF0000
# ** Note: NI[11]: SPM# read @02: 00000000FF0000FF
# ** Note: NI[11]: SPM# read @03: 00FF00000000FF00
# ** Note: NI[11]: SPM# read @04: FF0000FF11111111
# ** Note: NI[11]: SPM# read @05: 1111FF0000FF1111
# ** Note: NI[11]: SPM# read @06: 11111111FF0000FF
# ** Note: NI[11]: SPM# read @07: 00FF11111111FF00
# ** Note: NI[11]: SPM# read @08: FF0000FF22222222
# ** Note: NI[11]: SPM# read @09: 2222FF0000FF2222
# ** Note: NI[11]: SPM# read @0A: 22222222FF0000FF
# ** Note: NI[11]: SPM# read @0B: 00FF22222222FF00
# ** Note: NI[11]: SPM# read @0C: FF0000FF33333333
# ** Note: NI[11]: SPM# read @0D: 3333FF0000FF3333
# ** Note: NI[11]: SPM# read @0E: 33333333FF0000FF
# ** Note: NI[11]: SPM# read @0F: 00FF33333333FF00
# ** Note: NI[11]: SPM# read @10: FF0000FF44444444
# ** Note: NI[11]: SPM# read @11: 4444FF0000FF4444
# ** Note: NI[11]: SPM# read @12: 44444444FF0000FF
# ** Note: NI[11]: SPM# read @13: 00FF44444444FF00
# ** Note: NI[11]: SPM# read @14: FF0000FF55555555
# ** Note: NI[11]: SPM# read @15: 5555FF0000FF5555
# ** Note: NI[11]: SPM# read @16: 55555555FF0000FF
# ** Note: NI[11]: SPM# read @17: 00FF55555555FF00
# ** Note: NI[11]: SPM# read @18: FF0000FF66666666
# ** Note: NI[11]: SPM# read @19: 6666FF0000FF6666
# ** Note: NI[11]: SPM# read @1A: 66666666FF0000FF
# ** Note: NI[11]: SPM# read @1B: 00FF6666666600FF
# ** Note: NI[11]: SPM# read @1C: FF0000FF77777777
# ** Note: NI[11]: SPM# read @1D: 7777FF0000FF7777
# ** Note: NI[11]: SPM# read @1E: 77777777FF0000FF
# ** Note: NI[11]: SPM# read @1F: 00FF77777777FF00
# ** Note: NI[11]: SPM# read @20: FF0000FF88888888
# ** Note: NI[11]: SPM# read @21: 8888FF0000FF8888
# ** Note: NI[11]: SPM# read @22: 88888888FF0000FF
# ** Note: NI[11]: SPM# read @23: 00FF88888888FF00
# ** Note: NI[11]: SPM# read @24: FF0000FF99999999
# ** Note: NI[11]: SPM# read @25: 9999FF0000FF9999
# ** Note: NI[11]: SPM# read @26: 99999999FF0000FF
# ** Note: NI[11]: SPM# read @27: 00FF99999999FF00
# ** Note: NI[11]: SPM# read @28: FF0000FFAAAAAAAA
# ** Note: NI[11]: SPM# read @29: AAAAFF0000FFAAAA
# ** Note: NI[11]: SPM# read @2A: AAAAAAAAFF0000FF
# ** Note: NI[11]: SPM# read @2B: 00FFAAAAAAAAFF00
# ** Note: NI[11]: SPM# read @2C: FF0000FFBBBBBBBB
# ** Note: NI[11]: SPM# read @2D: BBBBFF0000FFBBBB
# ** Note: NI[11]: SPM# read @2E: BBBBBBBBFF0000FF
# ** Note: NI[11]: SPM# read @2F: 00FFBBBBBBBBFF00
# ** Note: NI[11]: SPM# read @30: FF0000FFCCCCCCCC
# ** Note: NI[11]: SPM# read @31: CCCCFF0000FFCCCC
# ** Note: NI[11]: SPM# read @32: CCCCCCCCFF0000FF
# ** Note: NI[11]: SPM# read @33: 00FFCCCCCCCCFF00
# ** Note: NI[11]: SPM# read @34: FF0000FFDDDDDDDD
# ** Note: NI[11]: SPM# read @35: DDDDFF0000FFDDDD
# ** Note: NI[11]: SPM# read @36: DDDDDDDDFF0000FF
# ** Note: NI[11]: SPM# read @37: 00FFDDDDDDDDFF00
# ** Note: NI[11]: SPM# read @38: FF0000FFEEEEEEEE
# ** Note: NI[11]: SPM# read @39: EEEEFF0000FFEEEE
# ** Note: NI[11]: SPM# read @3A: EEEEEEEEFF0000FF
# ** Note: NI[11]: SPM# read @3B: 00FFEEEEEEEEFF00
# ** Note: NI[11]: SPM# read @3C: FF0000FFFFFFFFFF
# ** Note: NI[11]: SPM# read @3D: FFFFFF0000FFFFFF
# ** Note: NI[11]: SPM# read @3E: FFFFFFFFFF0000FF
# ** Note: NI[11]: SPM# read @3F: 00FFFFFFFFFFFF00
# ** Note: NI[12]: SPM# read @00: FF0000FF00000000
# ** Note: NI[12]: SPM# read @01: 0000FF0000FF0000
# ** Note: NI[12]: SPM# read @02: 00000000FF0000FF
# ** Note: NI[12]: SPM# read @03: 00FF00000000FF00
# ** Note: NI[12]: SPM# read @04: FF0000FF11111111
# ** Note: NI[12]: SPM# read @05: 1111FF0000FF1111
# ** Note: NI[12]: SPM# read @06: 11111111FF0000FF
# ** Note: NI[12]: SPM# read @07: 00FF11111111FF00
# ** Note: NI[12]: SPM# read @08: FF0000FF22222222
# ** Note: NI[12]: SPM# read @09: 2222FF0000FF2222
# ** Note: NI[12]: SPM# read @0A: 22222222FF0000FF
# ** Note: NI[12]: SPM# read @0B: 00FF22222222FF00
# ** Note: NI[12]: SPM# read @0C: FF0000FF33333333
# ** Note: NI[12]: SPM# read @0D: 3333FF0000FF3333
# ** Note: NI[12]: SPM# read @0E: 33333333FF0000FF
# ** Note: NI[12]: SPM# read @0F: 00FF33333333FF00
# ** Note: NI[12]: SPM# read @10: FF0000FF44444444
# ** Note: NI[12]: SPM# read @11: 4444FF0000FF4444
# ** Note: NI[12]: SPM# read @12: 44444444FF0000FF
# ** Note: NI[12]: SPM# read @13: 00FF44444444FF00
# ** Note: NI[12]: SPM# read @14: FF0000FF55555555
# ** Note: NI[12]: SPM# read @15: 5555FF0000FF5555
# ** Note: NI[12]: SPM# read @16: 55555555FF0000FF
# ** Note: NI[12]: SPM# read @17: 00FF55555555FF00
# ** Note: NI[12]: SPM# read @18: FF0000FF66666666
# ** Note: NI[12]: SPM# read @19: 6666FF0000FF6666
# ** Note: NI[12]: SPM# read @1A: 66666666FF0000FF
# ** Note: NI[12]: SPM# read @1B: 00FF6666666600FF
# ** Note: NI[12]: SPM# read @1C: FF0000FF77777777
# ** Note: NI[12]: SPM# read @1D: 7777FF0000FF7777
# ** Note: NI[12]: SPM# read @1E: 77777777FF0000FF
# ** Note: NI[12]: SPM# read @1F: 00FF77777777FF00
# ** Note: NI[12]: SPM# read @20: FF0000FF88888888
# ** Note: NI[12]: SPM# read @21: 8888FF0000FF8888
# ** Note: NI[12]: SPM# read @22: 88888888FF0000FF
# ** Note: NI[12]: SPM# read @23: 00FF88888888FF00
# ** Note: NI[12]: SPM# read @24: FF0000FF99999999
# ** Note: NI[12]: SPM# read @25: 9999FF0000FF9999
# ** Note: NI[12]: SPM# read @26: 99999999FF0000FF
# ** Note: NI[12]: SPM# read @27: 00FF99999999FF00
# ** Note: NI[12]: SPM# read @28: FF0000FFAAAAAAAA
# ** Note: NI[12]: SPM# read @29: AAAAFF0000FFAAAA
# ** Note: NI[12]: SPM# read @2A: AAAAAAAAFF0000FF
# ** Note: NI[12]: SPM# read @2B: 00FFAAAAAAAAFF00
# ** Note: NI[12]: SPM# read @2C: FF0000FFBBBBBBBB
# ** Note: NI[12]: SPM# read @2D: BBBBFF0000FFBBBB
# ** Note: NI[12]: SPM# read @2E: BBBBBBBBFF0000FF
# ** Note: NI[12]: SPM# read @2F: 00FFBBBBBBBBFF00
# ** Note: NI[12]: SPM# read @30: FF0000FFCCCCCCCC
# ** Note: NI[12]: SPM# read @31: CCCCFF0000FFCCCC
# ** Note: NI[12]: SPM# read @32: CCCCCCCCFF0000FF
# ** Note: NI[12]: SPM# read @33: 00FFCCCCCCCCFF00
# ** Note: NI[12]: SPM# read @34: FF0000FFDDDDDDDD
# ** Note: NI[12]: SPM# read @35: DDDDFF0000FFDDDD
# ** Note: NI[12]: SPM# read @36: DDDDDDDDFF0000FF
# ** Note: NI[12]: SPM# read @37: 00FFDDDDDDDDFF00
# ** Note: NI[12]: SPM# read @38: FF0000FFEEEEEEEE
# ** Note: NI[12]: SPM# read @39: EEEEFF0000FFEEEE
# ** Note: NI[12]: SPM# read @3A: EEEEEEEEFF0000FF
# ** Note: NI[12]: SPM# read @3B: 00FFEEEEEEEEFF00
# ** Note: NI[12]: SPM# read @3C: FF0000FFFFFFFFFF
# ** Note: NI[12]: SPM# read @3D: FFFFFF0000FFFFFF
# ** Note: NI[12]: SPM# read @3E: FFFFFFFFFF0000FF
# ** Note: NI[12]: SPM# read @3F: 00FFFFFFFFFFFF00
# ** Note: NI[13]: SPM# read @00: FF0000FF00000000
# ** Note: NI[13]: SPM# read @01: 0000FF0000FF0000
# ** Note: NI[13]: SPM# read @02: 00000000FF0000FF
# ** Note: NI[13]: SPM# read @03: 00FF00000000FF00
# ** Note: NI[13]: SPM# read @04: FF0000FF11111111
# ** Note: NI[13]: SPM# read @05: 1111FF0000FF1111
# ** Note: NI[13]: SPM# read @06: 11111111FF0000FF
# ** Note: NI[13]: SPM# read @07: 00FF11111111FF00
# ** Note: NI[13]: SPM# read @08: FF0000FF22222222
# ** Note: NI[13]: SPM# read @09: 2222FF0000FF2222
# ** Note: NI[13]: SPM# read @0A: 22222222FF0000FF
# ** Note: NI[13]: SPM# read @0B: 00FF22222222FF00
# ** Note: NI[13]: SPM# read @0C: FF0000FF33333333
# ** Note: NI[13]: SPM# read @0D: 3333FF0000FF3333
# ** Note: NI[13]: SPM# read @0E: 33333333FF0000FF
# ** Note: NI[13]: SPM# read @0F: 00FF33333333FF00
# ** Note: NI[13]: SPM# read @10: FF0000FF44444444
# ** Note: NI[13]: SPM# read @11: 4444FF0000FF4444
# ** Note: NI[13]: SPM# read @12: 44444444FF0000FF
# ** Note: NI[13]: SPM# read @13: 00FF44444444FF00
# ** Note: NI[13]: SPM# read @14: FF0000FF55555555
# ** Note: NI[13]: SPM# read @15: 5555FF0000FF5555
# ** Note: NI[13]: SPM# read @16: 55555555FF0000FF
# ** Note: NI[13]: SPM# read @17: 00FF55555555FF00
# ** Note: NI[13]: SPM# read @18: FF0000FF66666666
# ** Note: NI[13]: SPM# read @19: 6666FF0000FF6666
# ** Note: NI[13]: SPM# read @1A: 66666666FF0000FF
# ** Note: NI[13]: SPM# read @1B: 00FF6666666600FF
# ** Note: NI[13]: SPM# read @1C: FF0000FF77777777
# ** Note: NI[13]: SPM# read @1D: 7777FF0000FF7777
# ** Note: NI[13]: SPM# read @1E: 77777777FF0000FF
# ** Note: NI[13]: SPM# read @1F: 00FF77777777FF00
# ** Note: NI[13]: SPM# read @20: FF0000FF88888888
# ** Note: NI[13]: SPM# read @21: 8888FF0000FF8888
# ** Note: NI[13]: SPM# read @22: 88888888FF0000FF
# ** Note: NI[13]: SPM# read @23: 00FF88888888FF00
# ** Note: NI[13]: SPM# read @24: FF0000FF99999999
# ** Note: NI[13]: SPM# read @25: 9999FF0000FF9999
# ** Note: NI[13]: SPM# read @26: 99999999FF0000FF
# ** Note: NI[13]: SPM# read @27: 00FF99999999FF00
# ** Note: NI[13]: SPM# read @28: FF0000FFAAAAAAAA
# ** Note: NI[13]: SPM# read @29: AAAAFF0000FFAAAA
# ** Note: NI[13]: SPM# read @2A: AAAAAAAAFF0000FF
# ** Note: NI[13]: SPM# read @2B: 00FFAAAAAAAAFF00
# ** Note: NI[13]: SPM# read @2C: FF0000FFBBBBBBBB
# ** Note: NI[13]: SPM# read @2D: BBBBFF0000FFBBBB
# ** Note: NI[13]: SPM# read @2E: BBBBBBBBFF0000FF
# ** Note: NI[13]: SPM# read @2F: 00FFBBBBBBBBFF00
# ** Note: NI[13]: SPM# read @30: FF0000FFCCCCCCCC
# ** Note: NI[13]: SPM# read @31: CCCCFF0000FFCCCC
# ** Note: NI[13]: SPM# read @32: CCCCCCCCFF0000FF
# ** Note: NI[13]: SPM# read @33: 00FFCCCCCCCCFF00
# ** Note: NI[13]: SPM# read @34: FF0000FFDDDDDDDD
# ** Note: NI[13]: SPM# read @35: DDDDFF0000FFDDDD
# ** Note: NI[13]: SPM# read @36: DDDDDDDDFF0000FF
# ** Note: NI[13]: SPM# read @37: 00FFDDDDDDDDFF00
# ** Note: NI[13]: SPM# read @38: FF0000FFEEEEEEEE
# ** Note: NI[13]: SPM# read @39: EEEEFF0000FFEEEE
# ** Note: NI[13]: SPM# read @3A: EEEEEEEEFF0000FF
# ** Note: NI[13]: SPM# read @3B: 00FFEEEEEEEEFF00
# ** Note: NI[13]: SPM# read @3C: FF0000FFFFFFFFFF
# ** Note: NI[13]: SPM# read @3D: FFFFFF0000FFFFFF
# ** Note: NI[13]: SPM# read @3E: FFFFFFFFFF0000FF
# ** Note: NI[13]: SPM# read @3F: 00FFFFFFFFFFFF00
# ** Note: NI[14]: SPM# read @00: FF0000FF00000000
# ** Note: NI[14]: SPM# read @01: 0000FF0000FF0000
# ** Note: NI[14]: SPM# read @02: 00000000FF0000FF
# ** Note: NI[14]: SPM# read @03: 00FF00000000FF00
# ** Note: NI[14]: SPM# read @04: FF0000FF11111111
# ** Note: NI[14]: SPM# read @05: 1111FF0000FF1111
# ** Note: NI[14]: SPM# read @06: 11111111FF0000FF
# ** Note: NI[14]: SPM# read @07: 00FF11111111FF00
# ** Note: NI[14]: SPM# read @08: FF0000FF22222222
# ** Note: NI[14]: SPM# read @09: 2222FF0000FF2222
# ** Note: NI[14]: SPM# read @0A: 22222222FF0000FF
# ** Note: NI[14]: SPM# read @0B: 00FF22222222FF00
# ** Note: NI[14]: SPM# read @0C: FF0000FF33333333
# ** Note: NI[14]: SPM# read @0D: 3333FF0000FF3333
# ** Note: NI[14]: SPM# read @0E: 33333333FF0000FF
# ** Note: NI[14]: SPM# read @0F: 00FF33333333FF00
# ** Note: NI[14]: SPM# read @10: FF0000FF44444444
# ** Note: NI[14]: SPM# read @11: 4444FF0000FF4444
# ** Note: NI[14]: SPM# read @12: 44444444FF0000FF
# ** Note: NI[14]: SPM# read @13: 00FF44444444FF00
# ** Note: NI[14]: SPM# read @14: FF0000FF55555555
# ** Note: NI[14]: SPM# read @15: 5555FF0000FF5555
# ** Note: NI[14]: SPM# read @16: 55555555FF0000FF
# ** Note: NI[14]: SPM# read @17: 00FF55555555FF00
# ** Note: NI[14]: SPM# read @18: FF0000FF66666666
# ** Note: NI[14]: SPM# read @19: 6666FF0000FF6666
# ** Note: NI[14]: SPM# read @1A: 66666666FF0000FF
# ** Note: NI[14]: SPM# read @1B: 00FF6666666600FF
# ** Note: NI[14]: SPM# read @1C: FF0000FF77777777
# ** Note: NI[14]: SPM# read @1D: 7777FF0000FF7777
# ** Note: NI[14]: SPM# read @1E: 77777777FF0000FF
# ** Note: NI[14]: SPM# read @1F: 00FF77777777FF00
# ** Note: NI[14]: SPM# read @20: FF0000FF88888888
# ** Note: NI[14]: SPM# read @21: 8888FF0000FF8888
# ** Note: NI[14]: SPM# read @22: 88888888FF0000FF
# ** Note: NI[14]: SPM# read @23: 00FF88888888FF00
# ** Note: NI[14]: SPM# read @24: FF0000FF99999999
# ** Note: NI[14]: SPM# read @25: 9999FF0000FF9999
# ** Note: NI[14]: SPM# read @26: 99999999FF0000FF
# ** Note: NI[14]: SPM# read @27: 00FF99999999FF00
# ** Note: NI[14]: SPM# read @28: FF0000FFAAAAAAAA
# ** Note: NI[14]: SPM# read @29: AAAAFF0000FFAAAA
# ** Note: NI[14]: SPM# read @2A: AAAAAAAAFF0000FF
# ** Note: NI[14]: SPM# read @2B: 00FFAAAAAAAAFF00
# ** Note: NI[14]: SPM# read @2C: FF0000FFBBBBBBBB
# ** Note: NI[14]: SPM# read @2D: BBBBFF0000FFBBBB
# ** Note: NI[14]: SPM# read @2E: BBBBBBBBFF0000FF
# ** Note: NI[14]: SPM# read @2F: 00FFBBBBBBBBFF00
# ** Note: NI[14]: SPM# read @30: FF0000FFCCCCCCCC
# ** Note: NI[14]: SPM# read @31: CCCCFF0000FFCCCC
# ** Note: NI[14]: SPM# read @32: CCCCCCCCFF0000FF
# ** Note: NI[14]: SPM# read @33: 00FFCCCCCCCCFF00
# ** Note: NI[14]: SPM# read @34: FF0000FFDDDDDDDD
# ** Note: NI[14]: SPM# read @35: DDDDFF0000FFDDDD
# ** Note: NI[14]: SPM# read @36: DDDDDDDDFF0000FF
# ** Note: NI[14]: SPM# read @37: 00FFDDDDDDDDFF00
# ** Note: NI[14]: SPM# read @38: FF0000FFEEEEEEEE
# ** Note: NI[14]: SPM# read @39: EEEEFF0000FFEEEE
# ** Note: NI[14]: SPM# read @3A: EEEEEEEEFF0000FF
# ** Note: NI[14]: SPM# read @3B: 00FFEEEEEEEEFF00
# ** Note: NI[14]: SPM# read @3C: FF0000FFFFFFFFFF
# ** Note: NI[14]: SPM# read @3D: FFFFFF0000FFFFFF
# ** Note: NI[14]: SPM# read @3E: FFFFFFFFFF0000FF
# ** Note: NI[14]: SPM# read @3F: 00FFFFFFFFFFFF00
# ** Note: NI[15]: SPM# read @00: FF0000FF00000000
# ** Note: NI[15]: SPM# read @01: 0000FF0000FF0000
# ** Note: NI[15]: SPM# read @02: 00000000FF0000FF
# ** Note: NI[15]: SPM# read @03: 00FF00000000FF00
# ** Note: NI[15]: SPM# read @04: FF0000FF11111111
# ** Note: NI[15]: SPM# read @05: 1111FF0000FF1111
# ** Note: NI[15]: SPM# read @06: 11111111FF0000FF
# ** Note: NI[15]: SPM# read @07: 00FF11111111FF00
# ** Note: NI[15]: SPM# read @08: FF0000FF22222222
# ** Note: NI[15]: SPM# read @09: 2222FF0000FF2222
# ** Note: NI[15]: SPM# read @0A: 22222222FF0000FF
# ** Note: NI[15]: SPM# read @0B: 00FF22222222FF00
# ** Note: NI[15]: SPM# read @0C: FF0000FF33333333
# ** Note: NI[15]: SPM# read @0D: 3333FF0000FF3333
# ** Note: NI[15]: SPM# read @0E: 33333333FF0000FF
# ** Note: NI[15]: SPM# read @0F: 00FF33333333FF00
# ** Note: NI[15]: SPM# read @10: FF0000FF44444444
# ** Note: NI[15]: SPM# read @11: 4444FF0000FF4444
# ** Note: NI[15]: SPM# read @12: 44444444FF0000FF
# ** Note: NI[15]: SPM# read @13: 00FF44444444FF00
# ** Note: NI[15]: SPM# read @14: FF0000FF55555555
# ** Note: NI[15]: SPM# read @15: 5555FF0000FF5555
# ** Note: NI[15]: SPM# read @16: 55555555FF0000FF
# ** Note: NI[15]: SPM# read @17: 00FF55555555FF00
# ** Note: NI[15]: SPM# read @18: FF0000FF66666666
# ** Note: NI[15]: SPM# read @19: 6666FF0000FF6666
# ** Note: NI[15]: SPM# read @1A: 66666666FF0000FF
# ** Note: NI[15]: SPM# read @1B: 00FF6666666600FF
# ** Note: NI[15]: SPM# read @1C: FF0000FF77777777
# ** Note: NI[15]: SPM# read @1D: 7777FF0000FF7777
# ** Note: NI[15]: SPM# read @1E: 77777777FF0000FF
# ** Note: NI[15]: SPM# read @1F: 00FF77777777FF00
# ** Note: NI[15]: SPM# read @20: FF0000FF88888888
# ** Note: NI[15]: SPM# read @21: 8888FF0000FF8888
# ** Note: NI[15]: SPM# read @22: 88888888FF0000FF
# ** Note: NI[15]: SPM# read @23: 00FF88888888FF00
# ** Note: NI[15]: SPM# read @24: FF0000FF99999999
# ** Note: NI[15]: SPM# read @25: 9999FF0000FF9999
# ** Note: NI[15]: SPM# read @26: 99999999FF0000FF
# ** Note: NI[15]: SPM# read @27: 00FF99999999FF00
# ** Note: NI[15]: SPM# read @28: FF0000FFAAAAAAAA
# ** Note: NI[15]: SPM# read @29: AAAAFF0000FFAAAA
# ** Note: NI[15]: SPM# read @2A: AAAAAAAAFF0000FF
# ** Note: NI[15]: SPM# read @2B: 00FFAAAAAAAAFF00
# ** Note: NI[15]: SPM# read @2C: FF0000FFBBBBBBBB
# ** Note: NI[15]: SPM# read @2D: BBBBFF0000FFBBBB
# ** Note: NI[15]: SPM# read @2E: BBBBBBBBFF0000FF
# ** Note: NI[15]: SPM# read @2F: 00FFBBBBBBBBFF00
# ** Note: NI[15]: SPM# read @30: FF0000FFCCCCCCCC
# ** Note: NI[15]: SPM# read @31: CCCCFF0000FFCCCC
# ** Note: NI[15]: SPM# read @32: CCCCCCCCFF0000FF
# ** Note: NI[15]: SPM# read @33: 00FFCCCCCCCCFF00
# ** Note: NI[15]: SPM# read @34: FF0000FFDDDDDDDD
# ** Note: NI[15]: SPM# read @35: DDDDFF0000FFDDDD
# ** Note: NI[15]: SPM# read @36: DDDDDDDDFF0000FF
# ** Note: NI[15]: SPM# read @37: 00FFDDDDDDDDFF00
# ** Note: NI[15]: SPM# read @38: FF0000FFEEEEEEEE
# ** Note: NI[15]: SPM# read @39: EEEEFF0000FFEEEE
# ** Note: NI[15]: SPM# read @3A: EEEEEEEEFF0000FF
# ** Note: NI[15]: SPM# read @3B: 00FFEEEEEEEEFF00
# ** Note: NI[15]: SPM# read @3C: FF0000FFFFFFFFFF
# ** Note: NI[15]: SPM# read @3D: FFFFFF0000FFFFFF
# ** Note: NI[15]: SPM# read @3E: FFFFFFFFFF0000FF
# ** Note: NI[15]: SPM# read @3F: 00FFFFFFFFFFFF00
# ** Note: NI[1]: SPM# read @00: FF0000FF00000000
# ** Note: NI[1]: SPM# read @01: 0000FF0000FF0000
# ** Note: NI[1]: SPM# read @02: 00000000FF0000FF
# ** Note: NI[1]: SPM# read @03: 00FF00000000FF00
# ** Note: NI[1]: SPM# read @04: FF0000FF11111111
# ** Note: NI[1]: SPM# read @05: 1111FF0000FF1111
# ** Note: NI[1]: SPM# read @06: 11111111FF0000FF
# ** Note: NI[1]: SPM# read @07: 00FF11111111FF00
# ** Note: NI[1]: SPM# read @08: FF0000FF22222222
# ** Note: NI[1]: SPM# read @09: 2222FF0000FF2222
# ** Note: NI[1]: SPM# read @0A: 22222222FF0000FF
# ** Note: NI[1]: SPM# read @0B: 00FF22222222FF00
# ** Note: NI[1]: SPM# read @0C: FF0000FF33333333
# ** Note: NI[1]: SPM# read @0D: 3333FF0000FF3333
# ** Note: NI[1]: SPM# read @0E: 33333333FF0000FF
# ** Note: NI[1]: SPM# read @0F: 00FF33333333FF00
# ** Note: NI[1]: SPM# read @10: FF0000FF44444444
# ** Note: NI[1]: SPM# read @11: 4444FF0000FF4444
# ** Note: NI[1]: SPM# read @12: 44444444FF0000FF
# ** Note: NI[1]: SPM# read @13: 00FF44444444FF00
# ** Note: NI[1]: SPM# read @14: FF0000FF55555555
# ** Note: NI[1]: SPM# read @15: 5555FF0000FF5555
# ** Note: NI[1]: SPM# read @16: 55555555FF0000FF
# ** Note: NI[1]: SPM# read @17: 00FF55555555FF00
# ** Note: NI[1]: SPM# read @18: FF0000FF66666666
# ** Note: NI[1]: SPM# read @19: 6666FF0000FF6666
# ** Note: NI[1]: SPM# read @1A: 66666666FF0000FF
# ** Note: NI[1]: SPM# read @1B: 00FF6666666600FF
# ** Note: NI[1]: SPM# read @1C: FF0000FF77777777
# ** Note: NI[1]: SPM# read @1D: 7777FF0000FF7777
# ** Note: NI[1]: SPM# read @1E: 77777777FF0000FF
# ** Note: NI[1]: SPM# read @1F: 00FF77777777FF00
# ** Note: NI[1]: SPM# read @20: FF0000FF88888888
# ** Note: NI[1]: SPM# read @21: 8888FF0000FF8888
# ** Note: NI[1]: SPM# read @22: 88888888FF0000FF
# ** Note: NI[1]: SPM# read @23: 00FF88888888FF00
# ** Note: NI[1]: SPM# read @24: FF0000FF99999999
# ** Note: NI[1]: SPM# read @25: 9999FF0000FF9999
# ** Note: NI[1]: SPM# read @26: 99999999FF0000FF
# ** Note: NI[1]: SPM# read @27: 00FF99999999FF00
# ** Note: NI[1]: SPM# read @28: FF0000FFAAAAAAAA
# ** Note: NI[1]: SPM# read @29: AAAAFF0000FFAAAA
# ** Note: NI[1]: SPM# read @2A: AAAAAAAAFF0000FF
# ** Note: NI[1]: SPM# read @2B: 00FFAAAAAAAAFF00
# ** Note: NI[1]: SPM# read @2C: FF0000FFBBBBBBBB
# ** Note: NI[1]: SPM# read @2D: BBBBFF0000FFBBBB
# ** Note: NI[1]: SPM# read @2E: BBBBBBBBFF0000FF
# ** Note: NI[1]: SPM# read @2F: 00FFBBBBBBBBFF00
# ** Note: NI[1]: SPM# read @30: FF0000FFCCCCCCCC
# ** Note: NI[1]: SPM# read @31: CCCCFF0000FFCCCC
# ** Note: NI[1]: SPM# read @32: CCCCCCCCFF0000FF
# ** Note: NI[1]: SPM# read @33: 00FFCCCCCCCCFF00
# ** Note: NI[1]: SPM# read @34: FF0000FFDDDDDDDD
# ** Note: NI[1]: SPM# read @35: DDDDFF0000FFDDDD
# ** Note: NI[1]: SPM# read @36: DDDDDDDDFF0000FF
# ** Note: NI[1]: SPM# read @37: 00FFDDDDDDDDFF00
# ** Note: NI[1]: SPM# read @38: FF0000FFEEEEEEEE
# ** Note: NI[1]: SPM# read @39: EEEEFF0000FFEEEE
# ** Note: NI[1]: SPM# read @3A: EEEEEEEEFF0000FF
# ** Note: NI[1]: SPM# read @3B: 00FFEEEEEEEEFF00
# ** Note: NI[1]: SPM# read @3C: FF0000FFFFFFFFFF
# ** Note: NI[1]: SPM# read @3D: FFFFFF0000FFFFFF
# ** Note: NI[1]: SPM# read @3E: FFFFFFFFFF0000FF
# ** Note: NI[1]: SPM# read @3F: 00FFFFFFFFFFFF00
# ** Note: NI[2]: SPM# read @00: FF0000FF00000000
# ** Note: NI[2]: SPM# read @01: 0000FF0000FF0000
# ** Note: NI[2]: SPM# read @02: 00000000FF0000FF
# ** Note: NI[2]: SPM# read @03: 00FF00000000FF00
# ** Note: NI[2]: SPM# read @04: FF0000FF11111111
# ** Note: NI[2]: SPM# read @05: 1111FF0000FF1111
# ** Note: NI[2]: SPM# read @06: 11111111FF0000FF
# ** Note: NI[2]: SPM# read @07: 00FF11111111FF00
# ** Note: NI[2]: SPM# read @08: FF0000FF22222222
# ** Note: NI[2]: SPM# read @09: 2222FF0000FF2222
# ** Note: NI[2]: SPM# read @0A: 22222222FF0000FF
# ** Note: NI[2]: SPM# read @0B: 00FF22222222FF00
# ** Note: NI[2]: SPM# read @0C: FF0000FF33333333
# ** Note: NI[2]: SPM# read @0D: 3333FF0000FF3333
# ** Note: NI[2]: SPM# read @0E: 33333333FF0000FF
# ** Note: NI[2]: SPM# read @0F: 00FF33333333FF00
# ** Note: NI[2]: SPM# read @10: FF0000FF44444444
# ** Note: NI[2]: SPM# read @11: 4444FF0000FF4444
# ** Note: NI[2]: SPM# read @12: 44444444FF0000FF
# ** Note: NI[2]: SPM# read @13: 00FF44444444FF00
# ** Note: NI[2]: SPM# read @14: FF0000FF55555555
# ** Note: NI[2]: SPM# read @15: 5555FF0000FF5555
# ** Note: NI[2]: SPM# read @16: 55555555FF0000FF
# ** Note: NI[2]: SPM# read @17: 00FF55555555FF00
# ** Note: NI[2]: SPM# read @18: FF0000FF66666666
# ** Note: NI[2]: SPM# read @19: 6666FF0000FF6666
# ** Note: NI[2]: SPM# read @1A: 66666666FF0000FF
# ** Note: NI[2]: SPM# read @1B: 00FF6666666600FF
# ** Note: NI[2]: SPM# read @1C: FF0000FF77777777
# ** Note: NI[2]: SPM# read @1D: 7777FF0000FF7777
# ** Note: NI[2]: SPM# read @1E: 77777777FF0000FF
# ** Note: NI[2]: SPM# read @1F: 00FF77777777FF00
# ** Note: NI[2]: SPM# read @20: FF0000FF88888888
# ** Note: NI[2]: SPM# read @21: 8888FF0000FF8888
# ** Note: NI[2]: SPM# read @22: 88888888FF0000FF
# ** Note: NI[2]: SPM# read @23: 00FF88888888FF00
# ** Note: NI[2]: SPM# read @24: FF0000FF99999999
# ** Note: NI[2]: SPM# read @25: 9999FF0000FF9999
# ** Note: NI[2]: SPM# read @26: 99999999FF0000FF
# ** Note: NI[2]: SPM# read @27: 00FF99999999FF00
# ** Note: NI[2]: SPM# read @28: FF0000FFAAAAAAAA
# ** Note: NI[2]: SPM# read @29: AAAAFF0000FFAAAA
# ** Note: NI[2]: SPM# read @2A: AAAAAAAAFF0000FF
# ** Note: NI[2]: SPM# read @2B: 00FFAAAAAAAAFF00
# ** Note: NI[2]: SPM# read @2C: FF0000FFBBBBBBBB
# ** Note: NI[2]: SPM# read @2D: BBBBFF0000FFBBBB
# ** Note: NI[2]: SPM# read @2E: BBBBBBBBFF0000FF
# ** Note: NI[2]: SPM# read @2F: 00FFBBBBBBBBFF00
# ** Note: NI[2]: SPM# read @30: FF0000FFCCCCCCCC
# ** Note: NI[2]: SPM# read @31: CCCCFF0000FFCCCC
# ** Note: NI[2]: SPM# read @32: CCCCCCCCFF0000FF
# ** Note: NI[2]: SPM# read @33: 00FFCCCCCCCCFF00
# ** Note: NI[2]: SPM# read @34: FF0000FFDDDDDDDD
# ** Note: NI[2]: SPM# read @35: DDDDFF0000FFDDDD
# ** Note: NI[2]: SPM# read @36: DDDDDDDDFF0000FF
# ** Note: NI[2]: SPM# read @37: 00FFDDDDDDDDFF00
# ** Note: NI[2]: SPM# read @38: FF0000FFEEEEEEEE
# ** Note: NI[2]: SPM# read @39: EEEEFF0000FFEEEE
# ** Note: NI[2]: SPM# read @3A: EEEEEEEEFF0000FF
# ** Note: NI[2]: SPM# read @3B: 00FFEEEEEEEEFF00
# ** Note: NI[2]: SPM# read @3C: FF0000FFFFFFFFFF
# ** Note: NI[2]: SPM# read @3D: FFFFFF0000FFFFFF
# ** Note: NI[2]: SPM# read @3E: FFFFFFFFFF0000FF
# ** Note: NI[2]: SPM# read @3F: 00FFFFFFFFFFFF00
# ** Note: NI[3]: SPM# read @00: FF0000FF00000000
# ** Note: NI[3]: SPM# read @01: 0000FF0000FF0000
# ** Note: NI[3]: SPM# read @02: 00000000FF0000FF
# ** Note: NI[3]: SPM# read @03: 00FF00000000FF00
# ** Note: NI[3]: SPM# read @04: FF0000FF11111111
# ** Note: NI[3]: SPM# read @05: 1111FF0000FF1111
# ** Note: NI[3]: SPM# read @06: 11111111FF0000FF
# ** Note: NI[3]: SPM# read @07: 00FF11111111FF00
# ** Note: NI[3]: SPM# read @08: FF0000FF22222222
# ** Note: NI[3]: SPM# read @09: 2222FF0000FF2222
# ** Note: NI[3]: SPM# read @0A: 22222222FF0000FF
# ** Note: NI[3]: SPM# read @0B: 00FF22222222FF00
# ** Note: NI[3]: SPM# read @0C: FF0000FF33333333
# ** Note: NI[3]: SPM# read @0D: 3333FF0000FF3333
# ** Note: NI[3]: SPM# read @0E: 33333333FF0000FF
# ** Note: NI[3]: SPM# read @0F: 00FF33333333FF00
# ** Note: NI[3]: SPM# read @10: FF0000FF44444444
# ** Note: NI[3]: SPM# read @11: 4444FF0000FF4444
# ** Note: NI[3]: SPM# read @12: 44444444FF0000FF
# ** Note: NI[3]: SPM# read @13: 00FF44444444FF00
# ** Note: NI[3]: SPM# read @14: FF0000FF55555555
# ** Note: NI[3]: SPM# read @15: 5555FF0000FF5555
# ** Note: NI[3]: SPM# read @16: 55555555FF0000FF
# ** Note: NI[3]: SPM# read @17: 00FF55555555FF00
# ** Note: NI[3]: SPM# read @18: FF0000FF66666666
# ** Note: NI[3]: SPM# read @19: 6666FF0000FF6666
# ** Note: NI[3]: SPM# read @1A: 66666666FF0000FF
# ** Note: NI[3]: SPM# read @1B: 00FF6666666600FF
# ** Note: NI[3]: SPM# read @1C: FF0000FF77777777
# ** Note: NI[3]: SPM# read @1D: 7777FF0000FF7777
# ** Note: NI[3]: SPM# read @1E: 77777777FF0000FF
# ** Note: NI[3]: SPM# read @1F: 00FF77777777FF00
# ** Note: NI[3]: SPM# read @20: FF0000FF88888888
# ** Note: NI[3]: SPM# read @21: 8888FF0000FF8888
# ** Note: NI[3]: SPM# read @22: 88888888FF0000FF
# ** Note: NI[3]: SPM# read @23: 00FF88888888FF00
# ** Note: NI[3]: SPM# read @24: FF0000FF99999999
# ** Note: NI[3]: SPM# read @25: 9999FF0000FF9999
# ** Note: NI[3]: SPM# read @26: 99999999FF0000FF
# ** Note: NI[3]: SPM# read @27: 00FF99999999FF00
# ** Note: NI[3]: SPM# read @28: FF0000FFAAAAAAAA
# ** Note: NI[3]: SPM# read @29: AAAAFF0000FFAAAA
# ** Note: NI[3]: SPM# read @2A: AAAAAAAAFF0000FF
# ** Note: NI[3]: SPM# read @2B: 00FFAAAAAAAAFF00
# ** Note: NI[3]: SPM# read @2C: FF0000FFBBBBBBBB
# ** Note: NI[3]: SPM# read @2D: BBBBFF0000FFBBBB
# ** Note: NI[3]: SPM# read @2E: BBBBBBBBFF0000FF
# ** Note: NI[3]: SPM# read @2F: 00FFBBBBBBBBFF00
# ** Note: NI[3]: SPM# read @30: FF0000FFCCCCCCCC
# ** Note: NI[3]: SPM# read @31: CCCCFF0000FFCCCC
# ** Note: NI[3]: SPM# read @32: CCCCCCCCFF0000FF
# ** Note: NI[3]: SPM# read @33: 00FFCCCCCCCCFF00
# ** Note: NI[3]: SPM# read @34: FF0000FFDDDDDDDD
# ** Note: NI[3]: SPM# read @35: DDDDFF0000FFDDDD
# ** Note: NI[3]: SPM# read @36: DDDDDDDDFF0000FF
# ** Note: NI[3]: SPM# read @37: 00FFDDDDDDDDFF00
# ** Note: NI[3]: SPM# read @38: FF0000FFEEEEEEEE
# ** Note: NI[3]: SPM# read @39: EEEEFF0000FFEEEE
# ** Note: NI[3]: SPM# read @3A: EEEEEEEEFF0000FF
# ** Note: NI[3]: SPM# read @3B: 00FFEEEEEEEEFF00
# ** Note: NI[3]: SPM# read @3C: FF0000FFFFFFFFFF
# ** Note: NI[3]: SPM# read @3D: FFFFFF0000FFFFFF
# ** Note: NI[3]: SPM# read @3E: FFFFFFFFFF0000FF
# ** Note: NI[3]: SPM# read @3F: 00FFFFFFFFFFFF00
# ** Note: NI[4]: SPM# read @00: FF0000FF00000000
# ** Note: NI[4]: SPM# read @01: 0000FF0000FF0000
# ** Note: NI[4]: SPM# read @02: 00000000FF0000FF
# ** Note: NI[4]: SPM# read @03: 00FF00000000FF00
# ** Note: NI[4]: SPM# read @04: FF0000FF11111111
# ** Note: NI[4]: SPM# read @05: 1111FF0000FF1111
# ** Note: NI[4]: SPM# read @06: 11111111FF0000FF
# ** Note: NI[4]: SPM# read @07: 00FF11111111FF00
# ** Note: NI[4]: SPM# read @08: FF0000FF22222222
# ** Note: NI[4]: SPM# read @09: 2222FF0000FF2222
# ** Note: NI[4]: SPM# read @0A: 22222222FF0000FF
# ** Note: NI[4]: SPM# read @0B: 00FF22222222FF00
# ** Note: NI[4]: SPM# read @0C: FF0000FF33333333
# ** Note: NI[4]: SPM# read @0D: 3333FF0000FF3333
# ** Note: NI[4]: SPM# read @0E: 33333333FF0000FF
# ** Note: NI[4]: SPM# read @0F: 00FF33333333FF00
# ** Note: NI[4]: SPM# read @10: FF0000FF44444444
# ** Note: NI[4]: SPM# read @11: 4444FF0000FF4444
# ** Note: NI[4]: SPM# read @12: 44444444FF0000FF
# ** Note: NI[4]: SPM# read @13: 00FF44444444FF00
# ** Note: NI[4]: SPM# read @14: FF0000FF55555555
# ** Note: NI[4]: SPM# read @15: 5555FF0000FF5555
# ** Note: NI[4]: SPM# read @16: 55555555FF0000FF
# ** Note: NI[4]: SPM# read @17: 00FF55555555FF00
# ** Note: NI[4]: SPM# read @18: FF0000FF66666666
# ** Note: NI[4]: SPM# read @19: 6666FF0000FF6666
# ** Note: NI[4]: SPM# read @1A: 66666666FF0000FF
# ** Note: NI[4]: SPM# read @1B: 00FF6666666600FF
# ** Note: NI[4]: SPM# read @1C: FF0000FF77777777
# ** Note: NI[4]: SPM# read @1D: 7777FF0000FF7777
# ** Note: NI[4]: SPM# read @1E: 77777777FF0000FF
# ** Note: NI[4]: SPM# read @1F: 00FF77777777FF00
# ** Note: NI[4]: SPM# read @20: FF0000FF88888888
# ** Note: NI[4]: SPM# read @21: 8888FF0000FF8888
# ** Note: NI[4]: SPM# read @22: 88888888FF0000FF
# ** Note: NI[4]: SPM# read @23: 00FF88888888FF00
# ** Note: NI[4]: SPM# read @24: FF0000FF99999999
# ** Note: NI[4]: SPM# read @25: 9999FF0000FF9999
# ** Note: NI[4]: SPM# read @26: 99999999FF0000FF
# ** Note: NI[4]: SPM# read @27: 00FF99999999FF00
# ** Note: NI[4]: SPM# read @28: FF0000FFAAAAAAAA
# ** Note: NI[4]: SPM# read @29: AAAAFF0000FFAAAA
# ** Note: NI[4]: SPM# read @2A: AAAAAAAAFF0000FF
# ** Note: NI[4]: SPM# read @2B: 00FFAAAAAAAAFF00
# ** Note: NI[4]: SPM# read @2C: FF0000FFBBBBBBBB
# ** Note: NI[4]: SPM# read @2D: BBBBFF0000FFBBBB
# ** Note: NI[4]: SPM# read @2E: BBBBBBBBFF0000FF
# ** Note: NI[4]: SPM# read @2F: 00FFBBBBBBBBFF00
# ** Note: NI[4]: SPM# read @30: FF0000FFCCCCCCCC
# ** Note: NI[4]: SPM# read @31: CCCCFF0000FFCCCC
# ** Note: NI[4]: SPM# read @32: CCCCCCCCFF0000FF
# ** Note: NI[4]: SPM# read @33: 00FFCCCCCCCCFF00
# ** Note: NI[4]: SPM# read @34: FF0000FFDDDDDDDD
# ** Note: NI[4]: SPM# read @35: DDDDFF0000FFDDDD
# ** Note: NI[4]: SPM# read @36: DDDDDDDDFF0000FF
# ** Note: NI[4]: SPM# read @37: 00FFDDDDDDDDFF00
# ** Note: NI[4]: SPM# read @38: FF0000FFEEEEEEEE
# ** Note: NI[4]: SPM# read @39: EEEEFF0000FFEEEE
# ** Note: NI[4]: SPM# read @3A: EEEEEEEEFF0000FF
# ** Note: NI[4]: SPM# read @3B: 00FFEEEEEEEEFF00
# ** Note: NI[4]: SPM# read @3C: FF0000FFFFFFFFFF
# ** Note: NI[4]: SPM# read @3D: FFFFFF0000FFFFFF
# ** Note: NI[4]: SPM# read @3E: FFFFFFFFFF0000FF
# ** Note: NI[4]: SPM# read @3F: 00FFFFFFFFFFFF00
# ** Note: NI[5]: SPM# read @00: FF0000FF00000000
# ** Note: NI[5]: SPM# read @01: 0000FF0000FF0000
# ** Note: NI[5]: SPM# read @02: 00000000FF0000FF
# ** Note: NI[5]: SPM# read @03: 00FF00000000FF00
# ** Note: NI[5]: SPM# read @04: FF0000FF11111111
# ** Note: NI[5]: SPM# read @05: 1111FF0000FF1111
# ** Note: NI[5]: SPM# read @06: 11111111FF0000FF
# ** Note: NI[5]: SPM# read @07: 00FF11111111FF00
# ** Note: NI[5]: SPM# read @08: FF0000FF22222222
# ** Note: NI[5]: SPM# read @09: 2222FF0000FF2222
# ** Note: NI[5]: SPM# read @0A: 22222222FF0000FF
# ** Note: NI[5]: SPM# read @0B: 00FF22222222FF00
# ** Note: NI[5]: SPM# read @0C: FF0000FF33333333
# ** Note: NI[5]: SPM# read @0D: 3333FF0000FF3333
# ** Note: NI[5]: SPM# read @0E: 33333333FF0000FF
# ** Note: NI[5]: SPM# read @0F: 00FF33333333FF00
# ** Note: NI[5]: SPM# read @10: FF0000FF44444444
# ** Note: NI[5]: SPM# read @11: 4444FF0000FF4444
# ** Note: NI[5]: SPM# read @12: 44444444FF0000FF
# ** Note: NI[5]: SPM# read @13: 00FF44444444FF00
# ** Note: NI[5]: SPM# read @14: FF0000FF55555555
# ** Note: NI[5]: SPM# read @15: 5555FF0000FF5555
# ** Note: NI[5]: SPM# read @16: 55555555FF0000FF
# ** Note: NI[5]: SPM# read @17: 00FF55555555FF00
# ** Note: NI[5]: SPM# read @18: FF0000FF66666666
# ** Note: NI[5]: SPM# read @19: 6666FF0000FF6666
# ** Note: NI[5]: SPM# read @1A: 66666666FF0000FF
# ** Note: NI[5]: SPM# read @1B: 00FF6666666600FF
# ** Note: NI[5]: SPM# read @1C: FF0000FF77777777
# ** Note: NI[5]: SPM# read @1D: 7777FF0000FF7777
# ** Note: NI[5]: SPM# read @1E: 77777777FF0000FF
# ** Note: NI[5]: SPM# read @1F: 00FF77777777FF00
# ** Note: NI[5]: SPM# read @20: FF0000FF88888888
# ** Note: NI[5]: SPM# read @21: 8888FF0000FF8888
# ** Note: NI[5]: SPM# read @22: 88888888FF0000FF
# ** Note: NI[5]: SPM# read @23: 00FF88888888FF00
# ** Note: NI[5]: SPM# read @24: FF0000FF99999999
# ** Note: NI[5]: SPM# read @25: 9999FF0000FF9999
# ** Note: NI[5]: SPM# read @26: 99999999FF0000FF
# ** Note: NI[5]: SPM# read @27: 00FF99999999FF00
# ** Note: NI[5]: SPM# read @28: FF0000FFAAAAAAAA
# ** Note: NI[5]: SPM# read @29: AAAAFF0000FFAAAA
# ** Note: NI[5]: SPM# read @2A: AAAAAAAAFF0000FF
# ** Note: NI[5]: SPM# read @2B: 00FFAAAAAAAAFF00
# ** Note: NI[5]: SPM# read @2C: FF0000FFBBBBBBBB
# ** Note: NI[5]: SPM# read @2D: BBBBFF0000FFBBBB
# ** Note: NI[5]: SPM# read @2E: BBBBBBBBFF0000FF
# ** Note: NI[5]: SPM# read @2F: 00FFBBBBBBBBFF00
# ** Note: NI[5]: SPM# read @30: FF0000FFCCCCCCCC
# ** Note: NI[5]: SPM# read @31: CCCCFF0000FFCCCC
# ** Note: NI[5]: SPM# read @32: CCCCCCCCFF0000FF
# ** Note: NI[5]: SPM# read @33: 00FFCCCCCCCCFF00
# ** Note: NI[5]: SPM# read @34: FF0000FFDDDDDDDD
# ** Note: NI[5]: SPM# read @35: DDDDFF0000FFDDDD
# ** Note: NI[5]: SPM# read @36: DDDDDDDDFF0000FF
# ** Note: NI[5]: SPM# read @37: 00FFDDDDDDDDFF00
# ** Note: NI[5]: SPM# read @38: FF0000FFEEEEEEEE
# ** Note: NI[5]: SPM# read @39: EEEEFF0000FFEEEE
# ** Note: NI[5]: SPM# read @3A: EEEEEEEEFF0000FF
# ** Note: NI[5]: SPM# read @3B: 00FFEEEEEEEEFF00
# ** Note: NI[5]: SPM# read @3C: FF0000FFFFFFFFFF
# ** Note: NI[5]: SPM# read @3D: FFFFFF0000FFFFFF
# ** Note: NI[5]: SPM# read @3E: FFFFFFFFFF0000FF
# ** Note: NI[5]: SPM# read @3F: 00FFFFFFFFFFFF00
# ** Note: NI[6]: SPM# read @00: FF0000FF00000000
# ** Note: NI[6]: SPM# read @01: 0000FF0000FF0000
# ** Note: NI[6]: SPM# read @02: 00000000FF0000FF
# ** Note: NI[6]: SPM# read @03: 00FF00000000FF00
# ** Note: NI[6]: SPM# read @04: FF0000FF11111111
# ** Note: NI[6]: SPM# read @05: 1111FF0000FF1111
# ** Note: NI[6]: SPM# read @06: 11111111FF0000FF
# ** Note: NI[6]: SPM# read @07: 00FF11111111FF00
# ** Note: NI[6]: SPM# read @08: FF0000FF22222222
# ** Note: NI[6]: SPM# read @09: 2222FF0000FF2222
# ** Note: NI[6]: SPM# read @0A: 22222222FF0000FF
# ** Note: NI[6]: SPM# read @0B: 00FF22222222FF00
# ** Note: NI[6]: SPM# read @0C: FF0000FF33333333
# ** Note: NI[6]: SPM# read @0D: 3333FF0000FF3333
# ** Note: NI[6]: SPM# read @0E: 33333333FF0000FF
# ** Note: NI[6]: SPM# read @0F: 00FF33333333FF00
# ** Note: NI[6]: SPM# read @10: FF0000FF44444444
# ** Note: NI[6]: SPM# read @11: 4444FF0000FF4444
# ** Note: NI[6]: SPM# read @12: 44444444FF0000FF
# ** Note: NI[6]: SPM# read @13: 00FF44444444FF00
# ** Note: NI[6]: SPM# read @14: FF0000FF55555555
# ** Note: NI[6]: SPM# read @15: 5555FF0000FF5555
# ** Note: NI[6]: SPM# read @16: 55555555FF0000FF
# ** Note: NI[6]: SPM# read @17: 00FF55555555FF00
# ** Note: NI[6]: SPM# read @18: FF0000FF66666666
# ** Note: NI[6]: SPM# read @19: 6666FF0000FF6666
# ** Note: NI[6]: SPM# read @1A: 66666666FF0000FF
# ** Note: NI[6]: SPM# read @1B: 00FF6666666600FF
# ** Note: NI[6]: SPM# read @1C: FF0000FF77777777
# ** Note: NI[6]: SPM# read @1D: 7777FF0000FF7777
# ** Note: NI[6]: SPM# read @1E: 77777777FF0000FF
# ** Note: NI[6]: SPM# read @1F: 00FF77777777FF00
# ** Note: NI[6]: SPM# read @20: FF0000FF88888888
# ** Note: NI[6]: SPM# read @21: 8888FF0000FF8888
# ** Note: NI[6]: SPM# read @22: 88888888FF0000FF
# ** Note: NI[6]: SPM# read @23: 00FF88888888FF00
# ** Note: NI[6]: SPM# read @24: FF0000FF99999999
# ** Note: NI[6]: SPM# read @25: 9999FF0000FF9999
# ** Note: NI[6]: SPM# read @26: 99999999FF0000FF
# ** Note: NI[6]: SPM# read @27: 00FF99999999FF00
# ** Note: NI[6]: SPM# read @28: FF0000FFAAAAAAAA
# ** Note: NI[6]: SPM# read @29: AAAAFF0000FFAAAA
# ** Note: NI[6]: SPM# read @2A: AAAAAAAAFF0000FF
# ** Note: NI[6]: SPM# read @2B: 00FFAAAAAAAAFF00
# ** Note: NI[6]: SPM# read @2C: FF0000FFBBBBBBBB
# ** Note: NI[6]: SPM# read @2D: BBBBFF0000FFBBBB
# ** Note: NI[6]: SPM# read @2E: BBBBBBBBFF0000FF
# ** Note: NI[6]: SPM# read @2F: 00FFBBBBBBBBFF00
# ** Note: NI[6]: SPM# read @30: FF0000FFCCCCCCCC
# ** Note: NI[6]: SPM# read @31: CCCCFF0000FFCCCC
# ** Note: NI[6]: SPM# read @32: CCCCCCCCFF0000FF
# ** Note: NI[6]: SPM# read @33: 00FFCCCCCCCCFF00
# ** Note: NI[6]: SPM# read @34: FF0000FFDDDDDDDD
# ** Note: NI[6]: SPM# read @35: DDDDFF0000FFDDDD
# ** Note: NI[6]: SPM# read @36: DDDDDDDDFF0000FF
# ** Note: NI[6]: SPM# read @37: 00FFDDDDDDDDFF00
# ** Note: NI[6]: SPM# read @38: FF0000FFEEEEEEEE
# ** Note: NI[6]: SPM# read @39: EEEEFF0000FFEEEE
# ** Note: NI[6]: SPM# read @3A: EEEEEEEEFF0000FF
# ** Note: NI[6]: SPM# read @3B: 00FFEEEEEEEEFF00
# ** Note: NI[6]: SPM# read @3C: FF0000FFFFFFFFFF
# ** Note: NI[6]: SPM# read @3D: FFFFFF0000FFFFFF
# ** Note: NI[6]: SPM# read @3E: FFFFFFFFFF0000FF
# ** Note: NI[6]: SPM# read @3F: 00FFFFFFFFFFFF00
# ** Note: NI[7]: SPM# read @00: FF0000FF00000000
# ** Note: NI[7]: SPM# read @01: 0000FF0000FF0000
# ** Note: NI[7]: SPM# read @02: 00000000FF0000FF
# ** Note: NI[7]: SPM# read @03: 00FF00000000FF00
# ** Note: NI[7]: SPM# read @04: FF0000FF11111111
# ** Note: NI[7]: SPM# read @05: 1111FF0000FF1111
# ** Note: NI[7]: SPM# read @06: 11111111FF0000FF
# ** Note: NI[7]: SPM# read @07: 00FF11111111FF00
# ** Note: NI[7]: SPM# read @08: FF0000FF22222222
# ** Note: NI[7]: SPM# read @09: 2222FF0000FF2222
# ** Note: NI[7]: SPM# read @0A: 22222222FF0000FF
# ** Note: NI[7]: SPM# read @0B: 00FF22222222FF00
# ** Note: NI[7]: SPM# read @0C: FF0000FF33333333
# ** Note: NI[7]: SPM# read @0D: 3333FF0000FF3333
# ** Note: NI[7]: SPM# read @0E: 33333333FF0000FF
# ** Note: NI[7]: SPM# read @0F: 00FF33333333FF00
# ** Note: NI[7]: SPM# read @10: FF0000FF44444444
# ** Note: NI[7]: SPM# read @11: 4444FF0000FF4444
# ** Note: NI[7]: SPM# read @12: 44444444FF0000FF
# ** Note: NI[7]: SPM# read @13: 00FF44444444FF00
# ** Note: NI[7]: SPM# read @14: FF0000FF55555555
# ** Note: NI[7]: SPM# read @15: 5555FF0000FF5555
# ** Note: NI[7]: SPM# read @16: 55555555FF0000FF
# ** Note: NI[7]: SPM# read @17: 00FF55555555FF00
# ** Note: NI[7]: SPM# read @18: FF0000FF66666666
# ** Note: NI[7]: SPM# read @19: 6666FF0000FF6666
# ** Note: NI[7]: SPM# read @1A: 66666666FF0000FF
# ** Note: NI[7]: SPM# read @1B: 00FF6666666600FF
# ** Note: NI[7]: SPM# read @1C: FF0000FF77777777
# ** Note: NI[7]: SPM# read @1D: 7777FF0000FF7777
# ** Note: NI[7]: SPM# read @1E: 77777777FF0000FF
# ** Note: NI[7]: SPM# read @1F: 00FF77777777FF00
# ** Note: NI[7]: SPM# read @20: FF0000FF88888888
# ** Note: NI[7]: SPM# read @21: 8888FF0000FF8888
# ** Note: NI[7]: SPM# read @22: 88888888FF0000FF
# ** Note: NI[7]: SPM# read @23: 00FF88888888FF00
# ** Note: NI[7]: SPM# read @24: FF0000FF99999999
# ** Note: NI[7]: SPM# read @25: 9999FF0000FF9999
# ** Note: NI[7]: SPM# read @26: 99999999FF0000FF
# ** Note: NI[7]: SPM# read @27: 00FF99999999FF00
# ** Note: NI[7]: SPM# read @28: FF0000FFAAAAAAAA
# ** Note: NI[7]: SPM# read @29: AAAAFF0000FFAAAA
# ** Note: NI[7]: SPM# read @2A: AAAAAAAAFF0000FF
# ** Note: NI[7]: SPM# read @2B: 00FFAAAAAAAAFF00
# ** Note: NI[7]: SPM# read @2C: FF0000FFBBBBBBBB
# ** Note: NI[7]: SPM# read @2D: BBBBFF0000FFBBBB
# ** Note: NI[7]: SPM# read @2E: BBBBBBBBFF0000FF
# ** Note: NI[7]: SPM# read @2F: 00FFBBBBBBBBFF00
# ** Note: NI[7]: SPM# read @30: FF0000FFCCCCCCCC
# ** Note: NI[7]: SPM# read @31: CCCCFF0000FFCCCC
# ** Note: NI[7]: SPM# read @32: CCCCCCCCFF0000FF
# ** Note: NI[7]: SPM# read @33: 00FFCCCCCCCCFF00
# ** Note: NI[7]: SPM# read @34: FF0000FFDDDDDDDD
# ** Note: NI[7]: SPM# read @35: DDDDFF0000FFDDDD
# ** Note: NI[7]: SPM# read @36: DDDDDDDDFF0000FF
# ** Note: NI[7]: SPM# read @37: 00FFDDDDDDDDFF00
# ** Note: NI[7]: SPM# read @38: FF0000FFEEEEEEEE
# ** Note: NI[7]: SPM# read @39: EEEEFF0000FFEEEE
# ** Note: NI[7]: SPM# read @3A: EEEEEEEEFF0000FF
# ** Note: NI[7]: SPM# read @3B: 00FFEEEEEEEEFF00
# ** Note: NI[7]: SPM# read @3C: FF0000FFFFFFFFFF
# ** Note: NI[7]: SPM# read @3D: FFFFFF0000FFFFFF
# ** Note: NI[7]: SPM# read @3E: FFFFFFFFFF0000FF
# ** Note: NI[7]: SPM# read @3F: 00FFFFFFFFFFFF00
# ** Note: NI[8]: SPM# read @00: FF0000FF00000000
# ** Note: NI[8]: SPM# read @01: 0000FF0000FF0000
# ** Note: NI[8]: SPM# read @02: 00000000FF0000FF
# ** Note: NI[8]: SPM# read @03: 00FF00000000FF00
# ** Note: NI[8]: SPM# read @04: FF0000FF11111111
# ** Note: NI[8]: SPM# read @05: 1111FF0000FF1111
# ** Note: NI[8]: SPM# read @06: 11111111FF0000FF
# ** Note: NI[8]: SPM# read @07: 00FF11111111FF00
# ** Note: NI[8]: SPM# read @08: FF0000FF22222222
# ** Note: NI[8]: SPM# read @09: 2222FF0000FF2222
# ** Note: NI[8]: SPM# read @0A: 22222222FF0000FF
# ** Note: NI[8]: SPM# read @0B: 00FF22222222FF00
# ** Note: NI[8]: SPM# read @0C: FF0000FF33333333
# ** Note: NI[8]: SPM# read @0D: 3333FF0000FF3333
# ** Note: NI[8]: SPM# read @0E: 33333333FF0000FF
# ** Note: NI[8]: SPM# read @0F: 00FF33333333FF00
# ** Note: NI[8]: SPM# read @10: FF0000FF44444444
# ** Note: NI[8]: SPM# read @11: 4444FF0000FF4444
# ** Note: NI[8]: SPM# read @12: 44444444FF0000FF
# ** Note: NI[8]: SPM# read @13: 00FF44444444FF00
# ** Note: NI[8]: SPM# read @14: FF0000FF55555555
# ** Note: NI[8]: SPM# read @15: 5555FF0000FF5555
# ** Note: NI[8]: SPM# read @16: 55555555FF0000FF
# ** Note: NI[8]: SPM# read @17: 00FF55555555FF00
# ** Note: NI[8]: SPM# read @18: FF0000FF66666666
# ** Note: NI[8]: SPM# read @19: 6666FF0000FF6666
# ** Note: NI[8]: SPM# read @1A: 66666666FF0000FF
# ** Note: NI[8]: SPM# read @1B: 00FF6666666600FF
# ** Note: NI[8]: SPM# read @1C: FF0000FF77777777
# ** Note: NI[8]: SPM# read @1D: 7777FF0000FF7777
# ** Note: NI[8]: SPM# read @1E: 77777777FF0000FF
# ** Note: NI[8]: SPM# read @1F: 00FF77777777FF00
# ** Note: NI[8]: SPM# read @20: FF0000FF88888888
# ** Note: NI[8]: SPM# read @21: 8888FF0000FF8888
# ** Note: NI[8]: SPM# read @22: 88888888FF0000FF
# ** Note: NI[8]: SPM# read @23: 00FF88888888FF00
# ** Note: NI[8]: SPM# read @24: FF0000FF99999999
# ** Note: NI[8]: SPM# read @25: 9999FF0000FF9999
# ** Note: NI[8]: SPM# read @26: 99999999FF0000FF
# ** Note: NI[8]: SPM# read @27: 00FF99999999FF00
# ** Note: NI[8]: SPM# read @28: FF0000FFAAAAAAAA
# ** Note: NI[8]: SPM# read @29: AAAAFF0000FFAAAA
# ** Note: NI[8]: SPM# read @2A: AAAAAAAAFF0000FF
# ** Note: NI[8]: SPM# read @2B: 00FFAAAAAAAAFF00
# ** Note: NI[8]: SPM# read @2C: FF0000FFBBBBBBBB
# ** Note: NI[8]: SPM# read @2D: BBBBFF0000FFBBBB
# ** Note: NI[8]: SPM# read @2E: BBBBBBBBFF0000FF
# ** Note: NI[8]: SPM# read @2F: 00FFBBBBBBBBFF00
# ** Note: NI[8]: SPM# read @30: FF0000FFCCCCCCCC
# ** Note: NI[8]: SPM# read @31: CCCCFF0000FFCCCC
# ** Note: NI[8]: SPM# read @32: CCCCCCCCFF0000FF
# ** Note: NI[8]: SPM# read @33: 00FFCCCCCCCCFF00
# ** Note: NI[8]: SPM# read @34: FF0000FFDDDDDDDD
# ** Note: NI[8]: SPM# read @35: DDDDFF0000FFDDDD
# ** Note: NI[8]: SPM# read @36: DDDDDDDDFF0000FF
# ** Note: NI[8]: SPM# read @37: 00FFDDDDDDDDFF00
# ** Note: NI[8]: SPM# read @38: FF0000FFEEEEEEEE
# ** Note: NI[8]: SPM# read @39: EEEEFF0000FFEEEE
# ** Note: NI[8]: SPM# read @3A: EEEEEEEEFF0000FF
# ** Note: NI[8]: SPM# read @3B: 00FFEEEEEEEEFF00
# ** Note: NI[8]: SPM# read @3C: FF0000FFFFFFFFFF
# ** Note: NI[8]: SPM# read @3D: FFFFFF0000FFFFFF
# ** Note: NI[8]: SPM# read @3E: FFFFFFFFFF0000FF
# ** Note: NI[8]: SPM# read @3F: 00FFFFFFFFFFFF00
# ** Note: NI[9]: SPM# read @00: FF0000FF00000000
# ** Note: NI[9]: SPM# read @01: 0000FF0000FF0000
# ** Note: NI[9]: SPM# read @02: 00000000FF0000FF
# ** Note: NI[9]: SPM# read @03: 00FF00000000FF00
# ** Note: NI[9]: SPM# read @04: FF0000FF11111111
# ** Note: NI[9]: SPM# read @05: 1111FF0000FF1111
# ** Note: NI[9]: SPM# read @06: 11111111FF0000FF
# ** Note: NI[9]: SPM# read @07: 00FF11111111FF00
# ** Note: NI[9]: SPM# read @08: FF0000FF22222222
# ** Note: NI[9]: SPM# read @09: 2222FF0000FF2222
# ** Note: NI[9]: SPM# read @0A: 22222222FF0000FF
# ** Note: NI[9]: SPM# read @0B: 00FF22222222FF00
# ** Note: NI[9]: SPM# read @0C: FF0000FF33333333
# ** Note: NI[9]: SPM# read @0D: 3333FF0000FF3333
# ** Note: NI[9]: SPM# read @0E: 33333333FF0000FF
# ** Note: NI[9]: SPM# read @0F: 00FF33333333FF00
# ** Note: NI[9]: SPM# read @10: FF0000FF44444444
# ** Note: NI[9]: SPM# read @11: 4444FF0000FF4444
# ** Note: NI[9]: SPM# read @12: 44444444FF0000FF
# ** Note: NI[9]: SPM# read @13: 00FF44444444FF00
# ** Note: NI[9]: SPM# read @14: FF0000FF55555555
# ** Note: NI[9]: SPM# read @15: 5555FF0000FF5555
# ** Note: NI[9]: SPM# read @16: 55555555FF0000FF
# ** Note: NI[9]: SPM# read @17: 00FF55555555FF00
# ** Note: NI[9]: SPM# read @18: FF0000FF66666666
# ** Note: NI[9]: SPM# read @19: 6666FF0000FF6666
# ** Note: NI[9]: SPM# read @1A: 66666666FF0000FF
# ** Note: NI[9]: SPM# read @1B: 00FF6666666600FF
# ** Note: NI[9]: SPM# read @1C: FF0000FF77777777
# ** Note: NI[9]: SPM# read @1D: 7777FF0000FF7777
# ** Note: NI[9]: SPM# read @1E: 77777777FF0000FF
# ** Note: NI[9]: SPM# read @1F: 00FF77777777FF00
# ** Note: NI[9]: SPM# read @20: FF0000FF88888888
# ** Note: NI[9]: SPM# read @21: 8888FF0000FF8888
# ** Note: NI[9]: SPM# read @22: 88888888FF0000FF
# ** Note: NI[9]: SPM# read @23: 00FF88888888FF00
# ** Note: NI[9]: SPM# read @24: FF0000FF99999999
# ** Note: NI[9]: SPM# read @25: 9999FF0000FF9999
# ** Note: NI[9]: SPM# read @26: 99999999FF0000FF
# ** Note: NI[9]: SPM# read @27: 00FF99999999FF00
# ** Note: NI[9]: SPM# read @28: FF0000FFAAAAAAAA
# ** Note: NI[9]: SPM# read @29: AAAAFF0000FFAAAA
# ** Note: NI[9]: SPM# read @2A: AAAAAAAAFF0000FF
# ** Note: NI[9]: SPM# read @2B: 00FFAAAAAAAAFF00
# ** Note: NI[9]: SPM# read @2C: FF0000FFBBBBBBBB
# ** Note: NI[9]: SPM# read @2D: BBBBFF0000FFBBBB
# ** Note: NI[9]: SPM# read @2E: BBBBBBBBFF0000FF
# ** Note: NI[9]: SPM# read @2F: 00FFBBBBBBBBFF00
# ** Note: NI[9]: SPM# read @30: FF0000FFCCCCCCCC
# ** Note: NI[9]: SPM# read @31: CCCCFF0000FFCCCC
# ** Note: NI[9]: SPM# read @32: CCCCCCCCFF0000FF
# ** Note: NI[9]: SPM# read @33: 00FFCCCCCCCCFF00
# ** Note: NI[9]: SPM# read @34: FF0000FFDDDDDDDD
# ** Note: NI[9]: SPM# read @35: DDDDFF0000FFDDDD
# ** Note: NI[9]: SPM# read @36: DDDDDDDDFF0000FF
# ** Note: NI[9]: SPM# read @37: 00FFDDDDDDDDFF00
# ** Note: NI[9]: SPM# read @38: FF0000FFEEEEEEEE
# ** Note: NI[9]: SPM# read @39: EEEEFF0000FFEEEE
# ** Note: NI[9]: SPM# read @3A: EEEEEEEEFF0000FF
# ** Note: NI[9]: SPM# read @3B: 00FFEEEEEEEEFF00
# ** Note: NI[9]: SPM# read @3C: FF0000FFFFFFFFFF
# ** Note: NI[9]: SPM# read @3D: FFFFFF0000FFFFFF
# ** Note: NI[9]: SPM# read @3E: FFFFFFFFFF0000FF
# ** Note: NI[9]: SPM# read @3F: 00FFFFFFFFFFFF00
